#-----------------------------------------------------------
# updatemem v2019.1 (64-bit)
# SW Build 2552052 on Fri May 24 14:49:42 MDT 2019
# 
# Start of session at: Mon May 10 19:08:59 2021
# Process ID: 21128
# Current directory: c:/Users/OAkun/Desktop/CECS460Micro/DetMicroBlazeLecTimerVideo
# Command line: updatemem.exe -mode batch -source C:/Xilinx/SDK/2019.1/scripts/updatemem/main.tcl -notrace -tclargs -meminfo C:/Users/OAkun/Desktop/CECS460Micro/DetMicroBlazeLecTimerVideo/DeterminantMicroBlaze_wrapper_hw_platform_0/DeterminantMicroBlaze_wrapper.mmi -data C:/Xilinx/SDK/2019.1/data/embeddedsw/lib/microblaze/mb_bootloop_le.elf -proc DeterminantMicroBlaze_i/microblaze_0 -bit C:/Users/OAkun/Desktop/CECS460Micro/DetMicroBlazeLecTimerVideo/DeterminantMicroBlaze_wrapper_hw_platform_0/DeterminantMicroBlaze_wrapper.bit -out C:/Users/OAkun/Desktop/CECS460Micro/DetMicroBlazeLecTimerVideo/DeterminantMicroBlaze_wrapper_hw_platform_0/download.bit -force
# Log file: c:/Users/OAkun/Desktop/CECS460Micro/DetMicroBlazeLecTimerVideo/updatemem.log
# Journal file: c:/Users/OAkun/Desktop/CECS460Micro/DetMicroBlazeLecTimerVideo\updatemem.jou
#-----------------------------------------------------------
source C:/Xilinx/SDK/2019.1/scripts/updatemem/main.tcl -notrace
